
> tasks-api@0.0.1 test:e2e
> jest --config ./test/jest-e2e.json

node.exe : [31m[Nest] 33124  - [39m15/04/2026, 4:11:49 pm [31m  ERROR[39m [38;5;3m[SequelizeModule] 
[39m[31mUnable to connect to the database. Retrying (1)...[39m
At C:\Program Files\nodejs\npm.ps1:29 char:3
+   & $NODE_EXE $NPM_CLI_JS $args
+   ~~~~~~~~~~~~~~~~~~~~~~~~~~~~~
    + CategoryInfo          : NotSpecified: ([31m[Nest] 331...ing (1)...[39m:String) [], RemoteException
    + FullyQualifiedErrorId : NativeCommandError
 
SequelizeConnectionError: password authentication failed for user "postgres"
    at Client._connectionCallback 
(C:\Users\Admin\Documents\A01\Test\node_modules\sequelize\src\dialects\postgres\connection-manager.js:196:24)
    at Client._handleErrorWhileConnecting (C:\Users\Admin\Documents\A01\Test\node_modules\pg\lib\client.js:379:19)
    at Client._handleErrorMessage (C:\Users\Admin\Documents\A01\Test\node_modules\pg\lib\client.js:399:19)
    at Connection.emit (node:events:518:28)
    at C:\Users\Admin\Documents\A01\Test\node_modules\pg\lib\connection.js:115:12
    at Parser.parse (C:\Users\Admin\Documents\A01\Test\node_modules\pg-protocol\src\parser.ts:106:9)
    at Socket.<anonymous> (C:\Users\Admin\Documents\A01\Test\node_modules\pg-protocol\src\index.ts:7:48)
    at Socket.emit (node:events:518:28)
    at addChunk (node:internal/streams/readable:561:12)
    at readableAddChunkPushByteMode (node:internal/streams/readable:512:3)
    at Socket.Readable.push (node:internal/streams/readable:392:5)
    at TCP.onStreamRead (node:internal/stream_base_commons:189:23)
[31m[Nest] 28428  - [39m15/04/2026, 4:11:49 pm [31m  ERROR[39m [38;5;3m[SequelizeModule] [39m[31mUnable to 
connect to the database. Retrying (1)...[39m
SequelizeConnectionError: password authentication failed for user "postgres"
    at Client._connectionCallback 
(C:\Users\Admin\Documents\A01\Test\node_modules\sequelize\src\dialects\postgres\connection-manager.js:196:24)
    at Client._handleErrorWhileConnecting (C:\Users\Admin\Documents\A01\Test\node_modules\pg\lib\client.js:379:19)
    at Client._handleErrorMessage (C:\Users\Admin\Documents\A01\Test\node_modules\pg\lib\client.js:399:19)
    at Connection.emit (node:events:518:28)
    at C:\Users\Admin\Documents\A01\Test\node_modules\pg\lib\connection.js:115:12
    at Parser.parse (C:\Users\Admin\Documents\A01\Test\node_modules\pg-protocol\src\parser.ts:106:9)
    at Socket.<anonymous> (C:\Users\Admin\Documents\A01\Test\node_modules\pg-protocol\src\index.ts:7:48)
    at Socket.emit (node:events:518:28)
    at addChunk (node:internal/streams/readable:561:12)
    at readableAddChunkPushByteMode (node:internal/streams/readable:512:3)
    at Socket.Readable.push (node:internal/streams/readable:392:5)
    at TCP.onStreamRead (node:internal/stream_base_commons:189:23)
[31m[Nest] 33124  - [39m15/04/2026, 4:11:52 pm [31m  ERROR[39m [38;5;3m[SequelizeModule] [39m[31mUnable to 
connect to the database. Retrying (2)...[39m
SequelizeConnectionError: password authentication failed for user "postgres"
    at Client._connectionCallback 
(C:\Users\Admin\Documents\A01\Test\node_modules\sequelize\src\dialects\postgres\connection-manager.js:196:24)
    at Client._handleErrorWhileConnecting (C:\Users\Admin\Documents\A01\Test\node_modules\pg\lib\client.js:379:19)
    at Client._handleErrorMessage (C:\Users\Admin\Documents\A01\Test\node_modules\pg\lib\client.js:399:19)
    at Connection.emit (node:events:518:28)
    at C:\Users\Admin\Documents\A01\Test\node_modules\pg\lib\connection.js:115:12
    at Parser.parse (C:\Users\Admin\Documents\A01\Test\node_modules\pg-protocol\src\parser.ts:106:9)
    at Socket.<anonymous> (C:\Users\Admin\Documents\A01\Test\node_modules\pg-protocol\src\index.ts:7:48)
    at Socket.emit (node:events:518:28)
    at addChunk (node:internal/streams/readable:561:12)
    at readableAddChunkPushByteMode (node:internal/streams/readable:512:3)
    at Socket.Readable.push (node:internal/streams/readable:392:5)
    at TCP.onStreamRead (node:internal/stream_base_commons:189:23)
[31m[Nest] 28428  - [39m15/04/2026, 4:11:52 pm [31m  ERROR[39m [38;5;3m[SequelizeModule] [39m[31mUnable to 
connect to the database. Retrying (2)...[39m
SequelizeConnectionError: password authentication failed for user "postgres"
    at Client._connectionCallback 
(C:\Users\Admin\Documents\A01\Test\node_modules\sequelize\src\dialects\postgres\connection-manager.js:196:24)
    at Client._handleErrorWhileConnecting (C:\Users\Admin\Documents\A01\Test\node_modules\pg\lib\client.js:379:19)
    at Client._handleErrorMessage (C:\Users\Admin\Documents\A01\Test\node_modules\pg\lib\client.js:399:19)
    at Connection.emit (node:events:518:28)
    at C:\Users\Admin\Documents\A01\Test\node_modules\pg\lib\connection.js:115:12
    at Parser.parse (C:\Users\Admin\Documents\A01\Test\node_modules\pg-protocol\src\parser.ts:106:9)
    at Socket.<anonymous> (C:\Users\Admin\Documents\A01\Test\node_modules\pg-protocol\src\index.ts:7:48)
    at Socket.emit (node:events:518:28)
    at addChunk (node:internal/streams/readable:561:12)
    at readableAddChunkPushByteMode (node:internal/streams/readable:512:3)
    at Socket.Readable.push (node:internal/streams/readable:392:5)
    at TCP.onStreamRead (node:internal/stream_base_commons:189:23)
FAIL test/app.e2e-spec.ts (18.346 s)
  ΓùÅ AppController (e2e) ΓÇ║ / (GET)

    thrown: "Exceeded timeout of 5000 ms for a hook.
    Add a timeout value to this test to increase the timeout, if this is a long-running test. See 
https://jestjs.io/docs/api#testname-fn-timeout."

    [0m [90m  8 |[39m   [36mlet[39m app[33m:[39m 
[33mINestApplication[39m[33m<[39m[33mApp[39m[33m>[39m[33m;[39m
     [90m  9 |[39m
    [31m[1m>[22m[39m[90m 10 |[39m   beforeEach([36masync[39m () [33m=>[39m {
     [90m    |[39m   [31m[1m^[22m[39m
     [90m 11 |[39m     [36mconst[39m moduleFixture[33m:[39m [33mTestingModule[39m [33m=[39m [36mawait[39m 
[33mTest[39m[33m.[39mcreateTestingModule({
     [90m 12 |[39m       imports[33m:[39m [[33mAppModule[39m][33m,[39m
     [90m 13 |[39m     })[33m.[39mcompile()[33m;[39m[0m

      at app.e2e-spec.ts:10:3
      at Object.<anonymous> (app.e2e-spec.ts:7:1)

FAIL test/tasks.e2e-spec.ts (18.342 s)
  ΓùÅ Tasks & Auth (e2e) ΓÇ║ Authentication ΓÇ║ /tasks (GET) - Should fail without token

    thrown: "Exceeded timeout of 5000 ms for a hook.
    Add a timeout value to this test to increase the timeout, if this is a long-running test. See 
https://jestjs.io/docs/api#testname-fn-timeout."

    [0m [90m  8 |[39m   [36mlet[39m accessToken[33m:[39m string[33m;[39m
     [90m  9 |[39m
    [31m[1m>[22m[39m[90m 10 |[39m   beforeAll([36masync[39m () [33m=>[39m {
     [90m    |[39m   [31m[1m^[22m[39m
     [90m 11 |[39m     [36mconst[39m moduleFixture[33m:[39m [33mTestingModule[39m [33m=[39m [36mawait[39m 
[33mTest[39m[33m.[39mcreateTestingModule({
     [90m 12 |[39m       imports[33m:[39m [[33mAppModule[39m][33m,[39m
     [90m 13 |[39m     })[33m.[39mcompile()[33m;[39m[0m

      at tasks.e2e-spec.ts:10:3
      at Object.<anonymous> (tasks.e2e-spec.ts:6:1)

  ΓùÅ Tasks & Auth (e2e) ΓÇ║ Authentication ΓÇ║ /auth/login (POST) - Should fail with wrong credentials

    thrown: "Exceeded timeout of 5000 ms for a hook.
    Add a timeout value to this test to increase the timeout, if this is a long-running test. See 
https://jestjs.io/docs/api#testname-fn-timeout."

    [0m [90m  8 |[39m   [36mlet[39m accessToken[33m:[39m string[33m;[39m
     [90m  9 |[39m
    [31m[1m>[22m[39m[90m 10 |[39m   beforeAll([36masync[39m () [33m=>[39m {
     [90m    |[39m   [31m[1m^[22m[39m
     [90m 11 |[39m     [36mconst[39m moduleFixture[33m:[39m [33mTestingModule[39m [33m=[39m [36mawait[39m 
[33mTest[39m[33m.[39mcreateTestingModule({
     [90m 12 |[39m       imports[33m:[39m [[33mAppModule[39m][33m,[39m
     [90m 13 |[39m     })[33m.[39mcompile()[33m;[39m[0m

      at tasks.e2e-spec.ts:10:3
      at Object.<anonymous> (tasks.e2e-spec.ts:6:1)

  ΓùÅ Tasks & Auth (e2e) ΓÇ║ Tasks CRUD ΓÇ║ /tasks (POST) - Should create a task when authorized

    thrown: "Exceeded timeout of 5000 ms for a hook.
    Add a timeout value to this test to increase the timeout, if this is a long-running test. See 
https://jestjs.io/docs/api#testname-fn-timeout."

    [0m [90m  8 |[39m   [36mlet[39m accessToken[33m:[39m string[33m;[39m
     [90m  9 |[39m
    [31m[1m>[22m[39m[90m 10 |[39m   beforeAll([36masync[39m () [33m=>[39m {
     [90m    |[39m   [31m[1m^[22m[39m
     [90m 11 |[39m     [36mconst[39m moduleFixture[33m:[39m [33mTestingModule[39m [33m=[39m [36mawait[39m 
[33mTest[39m[33m.[39mcreateTestingModule({
     [90m 12 |[39m       imports[33m:[39m [[33mAppModule[39m][33m,[39m
     [90m 13 |[39m     })[33m.[39mcompile()[33m;[39m[0m

      at tasks.e2e-spec.ts:10:3
      at Object.<anonymous> (tasks.e2e-spec.ts:6:1)

  ΓùÅ Tasks & Auth (e2e) ΓÇ║ Tasks CRUD ΓÇ║ /tasks (GET) - Should fetch tasks with pagination

    thrown: "Exceeded timeout of 5000 ms for a hook.
    Add a timeout value to this test to increase the timeout, if this is a long-running test. See 
https://jestjs.io/docs/api#testname-fn-timeout."

    [0m [90m  8 |[39m   [36mlet[39m accessToken[33m:[39m string[33m;[39m
     [90m  9 |[39m
    [31m[1m>[22m[39m[90m 10 |[39m   beforeAll([36masync[39m () [33m=>[39m {
     [90m    |[39m   [31m[1m^[22m[39m
     [90m 11 |[39m     [36mconst[39m moduleFixture[33m:[39m [33mTestingModule[39m [33m=[39m [36mawait[39m 
[33mTest[39m[33m.[39mcreateTestingModule({
     [90m 12 |[39m       imports[33m:[39m [[33mAppModule[39m][33m,[39m
     [90m 13 |[39m     })[33m.[39mcompile()[33m;[39m[0m

      at tasks.e2e-spec.ts:10:3
      at Object.<anonymous> (tasks.e2e-spec.ts:6:1)


  ΓùÅ Test suite failed to run

    TypeError: Cannot read properties of undefined (reading 'close')

    [0m [90m 32 |[39m
     [90m 33 |[39m   afterAll([36masync[39m () [33m=>[39m {
    [31m[1m>[22m[39m[90m 34 |[39m     [36mawait[39m app[33m.[39mclose()[33m;[39m
     [90m    |[39m               [31m[1m^[22m[39m
     [90m 35 |[39m   })[33m;[39m
     [90m 36 |[39m
     [90m 37 |[39m   describe([32m'Authentication'[39m[33m,[39m () [33m=>[39m {[0m

      at Object.<anonymous> (tasks.e2e-spec.ts:34:15)

A worker process has failed to exit gracefully and has been force exited. This is likely caused by tests leaking due 
to improper teardown. Try running with --detectOpenHandles to find leaks. Active timers can also cause this, ensure 
that .unref() was called on them.
Test Suites: 2 failed, 2 total
Tests:       5 failed, 5 total
Snapshots:   0 total
Time:        20.775 s
Ran all test suites.
